
> explainify@0.1.0 build
> next build

  Γû▓ Next.js 14.2.21
  - Environments: .env.local

   Creating an optimized production build ...
 Γ£ô Compiled successfully
   Skipping linting
   Checking validity of types ...
   Collecting page data ...
   Generating static pages (0/21) ...
   Generating static pages (5/21) 
   Generating static pages (10/21) 
   Generating static pages (15/21) 
 Γ£ô Generating static pages (21/21)
   Finalizing page optimization ...
   Collecting build traces ...

Route (app)                              Size     First Load JS
Γöî Γùï /                                    18.2 kB         332 kB
Γö£ Γùï /_not-found                          876 B          88.4 kB
Γö£ ╞Æ /api/audio-synthesize                0 B                0 B
Γö£ ╞Æ /api/auth/session                    0 B                0 B
Γö£ ╞Æ /api/chats                           0 B                0 B
Γö£ Γùï /api/health                          0 B                0 B
Γö£ ╞Æ /api/profile                         0 B                0 B
Γö£ ╞Æ /api/query                           0 B                0 B
Γö£ ╞Æ /api/summarize                       0 B                0 B
Γö£ ╞Æ /api/upload                          0 B                0 B
Γö£ ╞Æ /api/video-explain                   0 B                0 B
Γö£ ╞Æ /api/video-synthesize                0 B                0 B
Γö£ Γùï /dashboard                           139 B          87.6 kB
Γö£ ╞Æ /dashboard/chat                      3.91 kB         135 kB
Γö£ ╞Æ /dashboard/results                   178 kB          310 kB
Γö£ ╞Æ /dashboard/upload                    5.87 kB        93.4 kB
Γö£ ╞Æ /dashboard/video                     8.9 kB         96.4 kB
Γö£ Γùï /login                               2.59 kB         398 kB
Γöö Γùï /register                            2.78 kB         398 kB
+ First Load JS shared by all            87.5 kB
  Γö£ chunks/117-39b8c25ab60e4db8.js       31.8 kB
  Γö£ chunks/fd9d1056-61f0c36ed0cf5466.js  53.6 kB
  Γöö other shared chunks (total)          2.11 kB


╞Æ Middleware                             26.6 kB

Γùï  (Static)   prerendered as static content
╞Æ  (Dynamic)  server-rendered on demand

